≡ƒתא --- Starting End-to-End Tender Lifecycle Test --- ≡ƒתא

≡ƒףª 1. PREPARATION
Γ£ו Found Supplier: Blip Supplier
Γ£ו Created Customers: Customer A, Customer B with default addresses

≡ƒף¥ 2. SUPPLIER CREATES TENDER
Γ£ו Tender Created: "Test Tender: MacBook Pro M3" (ID: cb40c5d4-0a51-422d-8ee5-f57939f8d8d3)
Γן│ Tender expires at: 11:17:17 AM

≡ƒסÑ 3. CUSTOMERS ENROLL
Γ£ו Customer A and Customer B joined the tender.

≡ƒע░ 4. COMPETITOR SUPPLIER PLACES A BID
Γ£ו Competitor Supplier placed a bid of $1750.

Γן│ 5. WAITING FOR TENDER TO EXPIRE (5 seconds)...
Γ£ו Tender should be expired now.

Γתש∩╕ן 6. SIMULATING CRON JOB EXECUTION
Γ£ו Marked tender cb40c5d4-0a51-422d-8ee5-f57939f8d8d3 as COMPLETED
Γ£ו Marked bid by 74cfd2c5-b7e0-414a-a336-1997f475ba19 as WON
Γ£ו Created Order for Customer A -> Ship to: 123 Main St, Tel Aviv, Israel
Γ£ו Created Order for Customer B -> Ship to: 456 Tech Blvd, Haifa, Israel
Γ£ו Generated Notification for WINNING SUPPLIER (74cfd2c5-b7e0-414a-a336-1997f475ba19)


≡ƒףך 7. RESULTS VERIFICATION
Tender Status: COMPLETED
Winning Bid Status: WON
Orders Created: 2
  - Order for Customer A: Ship to 123 Main St, Tel Aviv, Israel at $1800
  - Order for Customer B: Ship to 456 Tech Blvd, Haifa, Israel at $1800
Notifications Created: 3
  - To [CUSTOMER] Customer A: "Your order for "Test Tender: MacBook Pro M3" is confirmed!"
  - To [CUSTOMER] Customer B: "Your order for "Test Tender: MacBook Pro M3" is confirmed!"
  - To [SUPPLIER] Competitor Supplier: "You won the tender: "Test Tender: MacBook Pro M3"!"

≡ƒמי TEST COMPLETED SUCCESSFULLY ≡ƒמי
